  Determining projects to restore...
  All projects are up-to-date for restore.
C:\WSGTA\universal-or-strategy\tests\ExecutionEngineIntegrationTests.cs(1055,9): error CS8803: Top-level statements must precede namespace and type declarations.
C:\WSGTA\universal-or-strategy\tests\ExecutionEngineIntegrationTests.cs(1050,9): error CS1028: Unexpected preprocessor directive
C:\WSGTA\universal-or-strategy\tests\ExecutionEngineIntegrationTests.cs(1055,9): error CS0106: The modifier 'private' is not valid for this item
C:\WSGTA\universal-or-strategy\tests\ExecutionEngineIntegrationTests.cs(1061,9): error CS0106: The modifier 'private' is not valid for this item
C:\WSGTA\universal-or-strategy\tests\ExecutionEngineIntegrationTests.cs(1068,9): error CS0106: The modifier 'private' is not valid for this item
C:\WSGTA\universal-or-strategy\tests\ExecutionEngineIntegrationTests.cs(1075,9): error CS0106: The modifier 'private' is not valid for this item
C:\WSGTA\universal-or-strategy\tests\ExecutionEngineIntegrationTests.cs(1093,9): error CS0106: The modifier 'private' is not valid for this item
C:\WSGTA\universal-or-strategy\tests\ExecutionEngineIntegrationTests.cs(1101,9): error CS0106: The modifier 'private' is not valid for this item
C:\WSGTA\universal-or-strategy\tests\ExecutionEngineIntegrationTests.cs(1108,9): error CS0106: The modifier 'private' is not valid for this item
C:\WSGTA\universal-or-strategy\tests\ExecutionEngineIntegrationTests.cs(1123,9): error CS0106: The modifier 'private' is not valid for this item
C:\WSGTA\universal-or-strategy\tests\ExecutionEngineIntegrationTests.cs(1129,9): error CS0106: The modifier 'private' is not valid for this item
C:\WSGTA\universal-or-strategy\tests\ExecutionEngineIntegrationTests.cs(1135,9): error CS0106: The modifier 'private' is not valid for this item
C:\WSGTA\universal-or-strategy\tests\ExecutionEngineIntegrationTests.cs(1140,9): error CS0106: The modifier 'private' is not valid for this item
C:\WSGTA\universal-or-strategy\tests\ExecutionEngineIntegrationTests.cs(1146,9): error CS0106: The modifier 'private' is not valid for this item
C:\WSGTA\universal-or-strategy\tests\ExecutionEngineIntegrationTests.cs(1161,9): error CS0106: The modifier 'private' is not valid for this item
C:\WSGTA\universal-or-strategy\tests\ExecutionEngineIntegrationTests.cs(1180,9): error CS0106: The modifier 'private' is not valid for this item
C:\WSGTA\universal-or-strategy\tests\ExecutionEngineIntegrationTests.cs(1185,9): error CS0106: The modifier 'private' is not valid for this item
C:\WSGTA\universal-or-strategy\tests\ExecutionEngineIntegrationTests.cs(1198,9): error CS0106: The modifier 'private' is not valid for this item
C:\WSGTA\universal-or-strategy\tests\ExecutionEngineIntegrationTests.cs(1210,9): error CS0106: The modifier 'private' is not valid for this item
C:\WSGTA\universal-or-strategy\tests\ExecutionEngineIntegrationTests.cs(1215,9): error CS0106: The modifier 'private' is not valid for this item
C:\WSGTA\universal-or-strategy\tests\ExecutionEngineIntegrationTests.cs(1220,9): error CS0106: The modifier 'private' is not valid for this item
C:\WSGTA\universal-or-strategy\tests\ExecutionEngineIntegrationTests.cs(1225,9): error CS0106: The modifier 'private' is not valid for this item
C:\WSGTA\universal-or-strategy\tests\ExecutionEngineIntegrationTests.cs(1230,9): error CS0106: The modifier 'private' is not valid for this item
C:\WSGTA\universal-or-strategy\tests\ExecutionEngineIntegrationTests.cs(1235,9): error CS0106: The modifier 'private' is not valid for this item
C:\WSGTA\universal-or-strategy\tests\ExecutionEngineIntegrationTests.cs(1241,9): error CS0106: The modifier 'private' is not valid for this item
C:\WSGTA\universal-or-strategy\tests\ExecutionEngineIntegrationTests.cs(1257,9): error CS0106: The modifier 'private' is not valid for this item
C:\WSGTA\universal-or-strategy\tests\ExecutionEngineIntegrationTests.cs(1273,9): error CS0106: The modifier 'private' is not valid for this item
C:\WSGTA\universal-or-strategy\tests\ExecutionEngineIntegrationTests.cs(1292,5): error CS0106: The modifier 'public' is not valid for this item
C:\WSGTA\universal-or-strategy\tests\ExecutionEngineIntegrationTests.cs(1313,5): error CS0106: The modifier 'public' is not valid for this item
C:\WSGTA\universal-or-strategy\tests\ExecutionEngineIntegrationTests.cs(1334,5): error CS0106: The modifier 'public' is not valid for this item
C:\WSGTA\universal-or-strategy\tests\ExecutionEngineIntegrationTests.cs(1358,5): error CS0106: The modifier 'public' is not valid for this item
C:\WSGTA\universal-or-strategy\tests\ExecutionEngineIntegrationTests.cs(1387,5): error CS0106: The modifier 'public' is not valid for this item
C:\WSGTA\universal-or-strategy\tests\ExecutionEngineIntegrationTests.cs(1415,5): error CS0106: The modifier 'public' is not valid for this item
C:\WSGTA\universal-or-strategy\tests\ExecutionEngineIntegrationTests.cs(1422,5): error CS0106: The modifier 'public' is not valid for this item
C:\WSGTA\universal-or-strategy\tests\ExecutionEngineIntegrationTests.cs(1441,5): error CS0106: The modifier 'public' is not valid for this item
C:\WSGTA\universal-or-strategy\tests\ExecutionEngineIntegrationTests.cs(1461,5): error CS0106: The modifier 'public' is not valid for this item
C:\WSGTA\universal-or-strategy\tests\ExecutionEngineIntegrationTests.cs(1479,5): error CS0106: The modifier 'public' is not valid for this item
C:\WSGTA\universal-or-strategy\tests\ExecutionEngineIntegrationTests.cs(1509,5): error CS0106: The modifier 'public' is not valid for this item
C:\WSGTA\universal-or-strategy\tests\ExecutionEngineIntegrationTests.cs(1531,5): error CS0106: The modifier 'public' is not valid for this item
C:\WSGTA\universal-or-strategy\tests\ExecutionEngineIntegrationTests.cs(1552,5): error CS0106: The modifier 'public' is not valid for this item
C:\WSGTA\universal-or-strategy\tests\ExecutionEngineIntegrationTests.cs(1581,5): error CS0106: The modifier 'public' is not valid for this item
C:\WSGTA\universal-or-strategy\tests\ExecutionEngineIntegrationTests.cs(1598,5): error CS0106: The modifier 'public' is not valid for this item
C:\WSGTA\universal-or-strategy\tests\ExecutionEngineIntegrationTests.cs(1598,64): error CS1002: ; expected
C:\WSGTA\universal-or-strategy\tests\ExecutionEngineIntegrationTests.cs(1602,5): error CS0106: The modifier 'public' is not valid for this item
C:\WSGTA\universal-or-strategy\tests\ExecutionEngineIntegrationTests.cs(1621,5): error CS0106: The modifier 'public' is not valid for this item
C:\WSGTA\universal-or-strategy\tests\ExecutionEngineIntegrationTests.cs(1642,5): error CS0106: The modifier 'public' is not valid for this item
C:\WSGTA\universal-or-strategy\tests\ExecutionEngineIntegrationTests.cs(1664,5): error CS0106: The modifier 'public' is not valid for this item
C:\WSGTA\universal-or-strategy\tests\ExecutionEngineIntegrationTests.cs(1687,5): error CS0106: The modifier 'public' is not valid for this item
C:\WSGTA\universal-or-strategy\tests\ExecutionEngineIntegrationTests.cs(1710,5): error CS0106: The modifier 'public' is not valid for this item
C:\WSGTA\universal-or-strategy\tests\ExecutionEngineIntegrationTests.cs(1731,5): error CS0106: The modifier 'public' is not valid for this item
C:\WSGTA\universal-or-strategy\tests\ExecutionEngineIntegrationTests.cs(1742,5): error CS0106: The modifier 'public' is not valid for this item
C:\WSGTA\universal-or-strategy\tests\ExecutionEngineIntegrationTests.cs(1773,5): error CS0106: The modifier 'public' is not valid for this item
C:\WSGTA\universal-or-strategy\tests\ExecutionEngineIntegrationTests.cs(1807,5): error CS0106: The modifier 'public' is not valid for this item
C:\WSGTA\universal-or-strategy\tests\ExecutionEngineIntegrationTests.cs(1841,5): error CS0106: The modifier 'public' is not valid for this item
C:\WSGTA\universal-or-strategy\tests\ExecutionEngineIntegrationTests.cs(1864,5): error CS0106: The modifier 'public' is not valid for this item
C:\WSGTA\universal-or-strategy\tests\ExecutionEngineIntegrationTests.cs(1890,5): error CS0106: The modifier 'public' is not valid for this item
C:\WSGTA\universal-or-strategy\tests\ExecutionEngineIntegrationTests.cs(1936,5): error CS0106: The modifier 'public' is not valid for this item
C:\WSGTA\universal-or-strategy\tests\ExecutionEngineIntegrationTests.cs(1987,5): error CS0106: The modifier 'public' is not valid for this item
C:\WSGTA\universal-or-strategy\tests\ExecutionEngineIntegrationTests.cs(2027,5): error CS1022: Type or namespace definition, or end-of-file expected
C:\WSGTA\universal-or-strategy\tests\ExecutionEngineIntegrationTests.cs(2030,5): error CS0106: The modifier 'public' is not valid for this item
C:\WSGTA\universal-or-strategy\tests\ExecutionEngineIntegrationTests.cs(2061,5): error CS0106: The modifier 'public' is not valid for this item
C:\WSGTA\universal-or-strategy\tests\ExecutionEngineIntegrationTests.cs(2088,9): error CS1028: Unexpected preprocessor directive
C:\WSGTA\universal-or-strategy\tests\ExecutionEngineIntegrationTests.cs(2090,9): error CS0106: The modifier 'public' is not valid for this item
C:\WSGTA\universal-or-strategy\tests\ExecutionEngineIntegrationTests.cs(2119,9): error CS0106: The modifier 'public' is not valid for this item
C:\WSGTA\universal-or-strategy\tests\ExecutionEngineIntegrationTests.cs(2144,9): error CS0106: The modifier 'public' is not valid for this item
C:\WSGTA\universal-or-strategy\tests\ExecutionEngineIntegrationTests.cs(2171,9): error CS0106: The modifier 'public' is not valid for this item
C:\WSGTA\universal-or-strategy\tests\ExecutionEngineIntegrationTests.cs(2206,9): error CS0106: The modifier 'public' is not valid for this item
C:\WSGTA\universal-or-strategy\tests\ExecutionEngineIntegrationTests.cs(2227,9): error CS0106: The modifier 'public' is not valid for this item
C:\WSGTA\universal-or-strategy\tests\ExecutionEngineIntegrationTests.cs(2246,9): error CS0106: The modifier 'public' is not valid for this item
C:\WSGTA\universal-or-strategy\tests\ExecutionEngineIntegrationTests.cs(2275,9): error CS0106: The modifier 'public' is not valid for this item
C:\WSGTA\universal-or-strategy\tests\ExecutionEngineIntegrationTests.cs(2297,9): error CS1028: Unexpected preprocessor directive
C:\WSGTA\universal-or-strategy\tests\ExecutionEngineIntegrationTests.cs(2298,5): error CS1022: Type or namespace definition, or end-of-file expected
C:\WSGTA\universal-or-strategy\tests\ExecutionEngineIntegrationTests.cs(2299,1): error CS1022: Type or namespace definition, or end-of-file expected
