C:\WSGTA\universal-or-strategy\tests\ExecutionEngineIntegrationTests.cs(1538,16): error CS1061: 'ExecutionEngineIntegrationTests.MockExecutionEngine' does not contain a definition for 'AddPosition' and no accessible extension method 'AddPosition' accepting a first argument of type 'ExecutionEngineIntegrationTests.MockExecutionEngine' could be found (are you missing a using directive or an assembly reference?) [C:\WSGTA\universal-or-strategy\tests\V12.Sima.Tests.csproj]
C:\WSGTA\universal-or-strategy\tests\ExecutionEngineIntegrationTests.cs(1542,16): error CS1061: 'ExecutionEngineIntegrationTests.MockExecutionEngine' does not contain a definition for 'SimulateEntryFill' and no accessible extension method 'SimulateEntryFill' accepting a first argument of type 'ExecutionEngineIntegrationTests.MockExecutionEngine' could be found (are you missing a using directive or an assembly reference?) [C:\WSGTA\universal-or-strategy\tests\V12.Sima.Tests.csproj]
C:\WSGTA\universal-or-strategy\tests\ExecutionEngineIntegrationTests.cs(1547,9): error CS7036: There is no argument given that corresponds to the required parameter 'expectedPrice' of 'ExecutionEngineIntegrationTests.AssertStopExists(ExecutionEngineIntegrationTests.MockExecutionEngine, string, double)' [C:\WSGTA\universal-or-strategy\tests\V12.Sima.Tests.csproj]
C:\WSGTA\universal-or-strategy\tests\ExecutionEngineIntegrationTests.cs(1548,9): error CS7036: There is no argument given that corresponds to the required parameter 'targetNum' of 'ExecutionEngineIntegrationTests.AssertTargetExists(ExecutionEngineIntegrationTests.MockExecutionEngine, string, int, double)' [C:\WSGTA\universal-or-strategy\tests\V12.Sima.Tests.csproj]
C:\WSGTA\universal-or-strategy\tests\ExecutionEngineIntegrationTests.cs(1564,16): error CS1061: 'ExecutionEngineIntegrationTests.MockExecutionEngine' does not contain a definition for 'SimulateStopFill' and no accessible extension method 'SimulateStopFill' accepting a first argument of type 'ExecutionEngineIntegrationTests.MockExecutionEngine' could be found (are you missing a using directive or an assembly reference?) [C:\WSGTA\universal-or-strategy\tests\V12.Sima.Tests.csproj]
C:\WSGTA\universal-or-strategy\tests\ExecutionEngineIntegrationTests.cs(1588,16): error CS1061: 'ExecutionEngineIntegrationTests.MockExecutionEngine' does not contain a definition for 'SimulateTargetFill' and no accessible extension method 'SimulateTargetFill' accepting a first argument of type 'ExecutionEngineIntegrationTests.MockExecutionEngine' could be found (are you missing a using directive or an assembly reference?) [C:\WSGTA\universal-or-strategy\tests\V12.Sima.Tests.csproj]
C:\WSGTA\universal-or-strategy\tests\ExecutionEngineIntegrationTests.cs(1592,30): error CS1061: 'ExecutionEngineIntegrationTests.MockPositionInfo' does not contain a definition for 'Quantity' and no accessible extension method 'Quantity' accepting a first argument of type 'ExecutionEngineIntegrationTests.MockPositionInfo' could be found (are you missing a using directive or an assembly reference?) [C:\WSGTA\universal-or-strategy\tests\V12.Sima.Tests.csproj]
C:\WSGTA\universal-or-strategy\tests\ExecutionEngineIntegrationTests.cs(1593,9): error CS1501: No overload for method 'VerifyStopQuantityMatchesRemaining' takes 3 arguments [C:\WSGTA\universal-or-strategy\tests\V12.Sima.Tests.csproj]
C:\WSGTA\universal-or-strategy\tests\ExecutionEngineIntegrationTests.cs(1615,16): error CS1061: 'ExecutionEngineIntegrationTests.MockExecutionEngine' does not contain a definition for 'SimulateOrderCancel' and no accessible extension method 'SimulateOrderCancel' accepting a first argument of type 'ExecutionEngineIntegrationTests.MockExecutionEngine' could be found (are you missing a using directive or an assembly reference?) [C:\WSGTA\universal-or-strategy\tests\V12.Sima.Tests.csproj]
C:\WSGTA\universal-or-strategy\tests\ExecutionEngineIntegrationTests.cs(1619,9): error CS7036: There is no argument given that corresponds to the required parameter 'expectedPrice' of 'ExecutionEngineIntegrationTests.AssertStopExists(ExecutionEngineIntegrationTests.MockExecutionEngine, string, double)' [C:\WSGTA\universal-or-strategy\tests\V12.Sima.Tests.csproj]
C:\WSGTA\universal-or-strategy\tests\ExecutionEngineIntegrationTests.cs(1632,29): error CS7036: There is no argument given that corresponds to the required parameter 'executionId' of 'ExecutionEngineIntegrationTests.MockExecution.MockExecution(string, ExecutionEngineIntegrationTests.MockOrder, double, int, DateTime)' [C:\WSGTA\universal-or-strategy\tests\V12.Sima.Tests.csproj]
C:\WSGTA\universal-or-strategy\tests\ExecutionEngineIntegrationTests.cs(1635,25): error CS1061: 'ExecutionEngineIntegrationTests.MockPositionInfo' does not contain a definition for 'EntryOrder' and no accessible extension method 'EntryOrder' accepting a first argument of type 'ExecutionEngineIntegrationTests.MockPositionInfo' could be found (are you missing a using directive or an assembly reference?) [C:\WSGTA\universal-or-strategy\tests\V12.Sima.Tests.csproj]
C:\WSGTA\universal-or-strategy\tests\ExecutionEngineIntegrationTests.cs(1640,16): error CS1061: 'ExecutionEngineIntegrationTests.MockExecutionEngine' does not contain a definition for 'ProcessedExecutionIds' and no accessible extension method 'ProcessedExecutionIds' accepting a first argument of type 'ExecutionEngineIntegrationTests.MockExecutionEngine' could be found (are you missing a using directive or an assembly reference?) [C:\WSGTA\universal-or-strategy\tests\V12.Sima.Tests.csproj]
C:\WSGTA\universal-or-strategy\tests\ExecutionEngineIntegrationTests.cs(1650,30): error CS1061: 'ExecutionEngineIntegrationTests.MockExecutionEngine' does not contain a definition for 'ProcessedExecutionIds' and no accessible extension method 'ProcessedExecutionIds' accepting a first argument of type 'ExecutionEngineIntegrationTests.MockExecutionEngine' could be found (are you missing a using directive or an assembly reference?) [C:\WSGTA\universal-or-strategy\tests\V12.Sima.Tests.csproj]
C:\WSGTA\universal-or-strategy\tests\ExecutionEngineIntegrationTests.cs(1660,42): error CS7036: There is no argument given that corresponds to the required parameter 'orderId' of 'ExecutionEngineIntegrationTests.MockOrder.MockOrder(string, string, ExecutionEngineIntegrationTests.OrderAction, ExecutionEngineIntegrationTests.OrderType, int)' [C:\WSGTA\universal-or-strategy\tests\V12.Sima.Tests.csproj]
C:\WSGTA\universal-or-strategy\tests\ExecutionEngineIntegrationTests.cs(1661,44): error CS7036: There is no argument given that corresponds to the required parameter 'orderId' of 'ExecutionEngineIntegrationTests.MockOrder.MockOrder(string, string, ExecutionEngineIntegrationTests.OrderAction, ExecutionEngineIntegrationTests.OrderType, int)' [C:\WSGTA\universal-or-strategy\tests\V12.Sima.Tests.csproj]
C:\WSGTA\universal-or-strategy\tests\ExecutionEngineIntegrationTests.cs(1665,16): error CS1061: 'ExecutionEngineIntegrationTests.MockExecutionEngine' does not contain a definition for 'SimulatePositionUpdate' and no accessible extension method 'SimulatePositionUpdate' accepting a first argument of type 'ExecutionEngineIntegrationTests.MockExecutionEngine' could be found (are you missing a using directive or an assembly reference?) [C:\WSGTA\universal-or-strategy\tests\V12.Sima.Tests.csproj]
C:\WSGTA\universal-or-strategy\tests\ExecutionEngineIntegrationTests.cs(1719,16): error CS1061: 'ExecutionEngineIntegrationTests.MockExecutionEngine' does not contain a definition for 'AddPosition' and no accessible extension method 'AddPosition' accepting a first argument of type 'ExecutionEngineIntegrationTests.MockExecutionEngine' could be found (are you missing a using directive or an assembly reference?) [C:\WSGTA\universal-or-strategy\tests\V12.Sima.Tests.csproj]
C:\WSGTA\universal-or-strategy\tests\ExecutionEngineIntegrationTests.cs(1723,16): error CS1061: 'ExecutionEngineIntegrationTests.MockExecutionEngine' does not contain a definition for 'SimulateEntryFill' and no accessible extension method 'SimulateEntryFill' accepting a first argument of type 'ExecutionEngineIntegrationTests.MockExecutionEngine' could be found (are you missing a using directive or an assembly reference?) [C:\WSGTA\universal-or-strategy\tests\V12.Sima.Tests.csproj]
C:\WSGTA\universal-or-strategy\tests\ExecutionEngineIntegrationTests.cs(1727,16): error CS1061: 'ExecutionEngineIntegrationTests.MockExecutionEngine' does not contain a definition for 'SimulateEntryFill' and no accessible extension method 'SimulateEntryFill' accepting a first argument of type 'ExecutionEngineIntegrationTests.MockExecutionEngine' could be found (are you missing a using directive or an assembly reference?) [C:\WSGTA\universal-or-strategy\tests\V12.Sima.Tests.csproj]
C:\WSGTA\universal-or-strategy\tests\ExecutionEngineIntegrationTests.cs(1750,27): error CS1061: 'ExecutionEngineIntegrationTests.MockExecutionEngine' does not contain a definition for 'SubmitStopOrderToBroker' and no accessible extension method 'SubmitStopOrderToBroker' accepting a first argument of type 'ExecutionEngineIntegrationTests.MockExecutionEngine' could be found (are you missing a using directive or an assembly reference?) [C:\WSGTA\universal-or-strategy\tests\V12.Sima.Tests.csproj]
C:\WSGTA\universal-or-strategy\tests\ExecutionEngineIntegrationTests.cs(1754,9): error CS7036: There is no argument given that corresponds to the required parameter 'expectedPrice' of 'ExecutionEngineIntegrationTests.AssertStopExists(ExecutionEngineIntegrationTests.MockExecutionEngine, string, double)' [C:\WSGTA\universal-or-strategy\tests\V12.Sima.Tests.csproj]
C:\WSGTA\universal-or-strategy\tests\ExecutionEngineIntegrationTests.cs(1766,16): error CS1061: 'ExecutionEngineIntegrationTests.MockExecutionEngine' does not contain a definition for 'MockBroker' and no accessible extension method 'MockBroker' accepting a first argument of type 'ExecutionEngineIntegrationTests.MockExecutionEngine' could be found (are you missing a using directive or an assembly reference?) [C:\WSGTA\universal-or-strategy\tests\V12.Sima.Tests.csproj]
C:\WSGTA\universal-or-strategy\tests\ExecutionEngineIntegrationTests.cs(1770,27): error CS1061: 'ExecutionEngineIntegrationTests.MockExecutionEngine' does not contain a definition for 'SubmitStopOrderToBroker' and no accessible extension method 'SubmitStopOrderToBroker' accepting a first argument of type 'ExecutionEngineIntegrationTests.MockExecutionEngine' could be found (are you missing a using directive or an assembly reference?) [C:\WSGTA\universal-or-strategy\tests\V12.Sima.Tests.csproj]
C:\WSGTA\universal-or-strategy\tests\ExecutionEngineIntegrationTests.cs(1776,28): error CS1061: 'ExecutionEngineIntegrationTests.MockExecutionEngine' does not contain a definition for 'EmergencyFlattenTriggered' and no accessible extension method 'EmergencyFlattenTriggered' accepting a first argument of type 'ExecutionEngineIntegrationTests.MockExecutionEngine' could be found (are you missing a using directive or an assembly reference?) [C:\WSGTA\universal-or-strategy\tests\V12.Sima.Tests.csproj]
C:\WSGTA\universal-or-strategy\tests\ExecutionEngineIntegrationTests.cs(1786,16): error CS1061: 'ExecutionEngineIntegrationTests.MockExecutionEngine' does not contain a definition for 'MockBroker' and no accessible extension method 'MockBroker' accepting a first argument of type 'ExecutionEngineIntegrationTests.MockExecutionEngine' could be found (are you missing a using directive or an assembly reference?) [C:\WSGTA\universal-or-strategy\tests\V12.Sima.Tests.csproj]
C:\WSGTA\universal-or-strategy\tests\ExecutionEngineIntegrationTests.cs(1790,27): error CS1061: 'ExecutionEngineIntegrationTests.MockExecutionEngine' does not contain a definition for 'SubmitStopOrderToBroker' and no accessible extension method 'SubmitStopOrderToBroker' accepting a first argument of type 'ExecutionEngineIntegrationTests.MockExecutionEngine' could be found (are you missing a using directive or an assembly reference?) [C:\WSGTA\universal-or-strategy\tests\V12.Sima.Tests.csproj]
C:\WSGTA\universal-or-strategy\tests\ExecutionEngineIntegrationTests.cs(1867,28): error CS1061: 'ExecutionEngineIntegrationTests.MockExecutionEngine' does not contain a definition for 'MarketOrderSubmitted' and no accessible extension method 'MarketOrderSubmitted' accepting a first argument of type 'ExecutionEngineIntegrationTests.MockExecutionEngine' could be found (are you missing a using directive or an assembly reference?) [C:\WSGTA\universal-or-strategy\tests\V12.Sima.Tests.csproj]
C:\WSGTA\universal-or-strategy\tests\ExecutionEngineIntegrationTests.cs(1908,71): error CS1503: Argument 1: cannot convert from 'string' to 'V12.Tests.ExecutionEngineIntegrationTests.MockOrder' [C:\WSGTA\universal-or-strategy\tests\V12.Sima.Tests.csproj]
C:\WSGTA\universal-or-strategy\tests\ExecutionEngineIntegrationTests.cs(1908,33): error CS0411: The type arguments for method 'TupleExtensions.Deconstruct<T1, T2>(Tuple<T1, T2>, out T1, out T2)' cannot be inferred from the usage. Try specifying the type arguments explicitly. [C:\WSGTA\universal-or-strategy\tests\V12.Sima.Tests.csproj]
C:\WSGTA\universal-or-strategy\tests\ExecutionEngineIntegrationTests.cs(1908,33): error CS8129: No suitable 'Deconstruct' instance or extension method was found for type 'void', with 2 out parameters and a void return type. [C:\WSGTA\universal-or-strategy\tests\V12.Sima.Tests.csproj]
C:\WSGTA\universal-or-strategy\tests\ExecutionEngineIntegrationTests.cs(1908,14): error CS8130: Cannot infer the type of implicitly-typed deconstruction variable 'canProceed'. [C:\WSGTA\universal-or-strategy\tests\V12.Sima.Tests.csproj]
C:\WSGTA\universal-or-strategy\tests\ExecutionEngineIntegrationTests.cs(1908,26): error CS8130: Cannot infer the type of implicitly-typed deconstruction variable 'pos'. [C:\WSGTA\universal-or-strategy\tests\V12.Sima.Tests.csproj]
C:\WSGTA\universal-or-strategy\tests\ExecutionEngineIntegrationTests.cs(1929,16): error CS7036: There is no argument given that corresponds to the required parameter 'stopOrder' of 'ExecutionEngineIntegrationTests.MockExecutionEngine.AuditStopQuantityAndPrint(ExecutionEngineIntegrationTests.MockPositionInfo, ExecutionEngineIntegrationTests.MockOrder)' [C:\WSGTA\universal-or-strategy\tests\V12.Sima.Tests.csproj]
C:\WSGTA\universal-or-strategy\tests\ExecutionEngineIntegrationTests.cs(1933,28): error CS1061: 'ExecutionEngineIntegrationTests.MockExecutionEngine' does not contain a definition for 'StopQuantityMismatchLogged' and no accessible extension method 'StopQuantityMismatchLogged' accepting a first argument of type 'ExecutionEngineIntegrationTests.MockExecutionEngine' could be found (are you missing a using directive or an assembly reference?) [C:\WSGTA\universal-or-strategy\tests\V12.Sima.Tests.csproj]
C:\WSGTA\universal-or-strategy\tests\ExecutionEngineIntegrationTests.cs(1952,16): error CS1061: 'ExecutionEngineIntegrationTests.MockExecutionEngine' does not contain a definition for 'SimulateTargetFill' and no accessible extension method 'SimulateTargetFill' accepting a first argument of type 'ExecutionEngineIntegrationTests.MockExecutionEngine' could be found (are you missing a using directive or an assembly reference?) [C:\WSGTA\universal-or-strategy\tests\V12.Sima.Tests.csproj]
C:\WSGTA\universal-or-strategy\tests\ExecutionEngineIntegrationTests.cs(1956,30): error CS1061: 'ExecutionEngineIntegrationTests.MockPositionInfo' does not contain a definition for 'Quantity' and no accessible extension method 'Quantity' accepting a first argument of type 'ExecutionEngineIntegrationTests.MockPositionInfo' could be found (are you missing a using directive or an assembly reference?) [C:\WSGTA\universal-or-strategy\tests\V12.Sima.Tests.csproj]
C:\WSGTA\universal-or-strategy\tests\ExecutionEngineIntegrationTests.cs(1957,9): error CS1501: No overload for method 'VerifyStopQuantityMatchesRemaining' takes 3 arguments [C:\WSGTA\universal-or-strategy\tests\V12.Sima.Tests.csproj]
C:\WSGTA\universal-or-strategy\tests\ExecutionEngineIntegrationTests.cs(1970,16): error CS1061: 'ExecutionEngineIntegrationTests.MockExecutionEngine' does not contain a definition for 'AdaptiveThrottleEnabled' and no accessible extension method 'AdaptiveThrottleEnabled' accepting a first argument of type 'ExecutionEngineIntegrationTests.MockExecutionEngine' could be found (are you missing a using directive or an assembly reference?) [C:\WSGTA\universal-or-strategy\tests\V12.Sima.Tests.csproj]
C:\WSGTA\universal-or-strategy\tests\ExecutionEngineIntegrationTests.cs(1971,16): error CS1061: 'ExecutionEngineIntegrationTests.MockExecutionEngine' does not contain a definition for 'TicksSinceLastTrail' and no accessible extension method 'TicksSinceLastTrail' accepting a first argument of type 'ExecutionEngineIntegrationTests.MockExecutionEngine' could be found (are you missing a using directive or an assembly reference?) [C:\WSGTA\universal-or-strategy\tests\V12.Sima.Tests.csproj]
C:\WSGTA\universal-or-strategy\tests\ExecutionEngineIntegrationTests.cs(1979,32): error CS1061: 'ExecutionEngineIntegrationTests.MockExecutionEngine' does not contain a definition for 'TrailUpdateCount' and no accessible extension method 'TrailUpdateCount' accepting a first argument of type 'ExecutionEngineIntegrationTests.MockExecutionEngine' could be found (are you missing a using directive or an assembly reference?) [C:\WSGTA\universal-or-strategy\tests\V12.Sima.Tests.csproj]
C:\WSGTA\universal-or-strategy\tests\ExecutionEngineIntegrationTests.cs(1994,16): error CS1061: 'ExecutionEngineIntegrationTests.MockExecutionEngine' does not contain a definition for 'SimulateConcurrentPositionRemoval' and no accessible extension method 'SimulateConcurrentPositionRemoval' accepting a first argument of type 'ExecutionEngineIntegrationTests.MockExecutionEngine' could be found (are you missing a using directive or an assembly reference?) [C:\WSGTA\universal-or-strategy\tests\V12.Sima.Tests.csproj]
C:\WSGTA\universal-or-strategy\tests\ExecutionEngineIntegrationTests.cs(1999,28): error CS1061: 'ExecutionEngineIntegrationTests.MockExecutionEngine' does not contain a definition for 'SnapshotIterationUsed' and no accessible extension method 'SnapshotIterationUsed' accepting a first argument of type 'ExecutionEngineIntegrationTests.MockExecutionEngine' could be found (are you missing a using directive or an assembly reference?) [C:\WSGTA\universal-or-strategy\tests\V12.Sima.Tests.csproj]
C:\WSGTA\universal-or-strategy\tests\ExecutionEngineIntegrationTests.cs(2012,16): error CS1061: 'ExecutionEngineIntegrationTests.MockExecutionEngine' does not contain a definition for 'Trail1Points' and no accessible extension method 'Trail1Points' accepting a first argument of type 'ExecutionEngineIntegrationTests.MockExecutionEngine' could be found (are you missing a using directive or an assembly reference?) [C:\WSGTA\universal-or-strategy\tests\V12.Sima.Tests.csproj]
C:\WSGTA\universal-or-strategy\tests\ExecutionEngineIntegrationTests.cs(2013,16): error CS1061: 'ExecutionEngineIntegrationTests.MockExecutionEngine' does not contain a definition for 'Trail1StopOffset' and no accessible extension method 'Trail1StopOffset' accepting a first argument of type 'ExecutionEngineIntegrationTests.MockExecutionEngine' could be found (are you missing a using directive or an assembly reference?) [C:\WSGTA\universal-or-strategy\tests\V12.Sima.Tests.csproj]

Build FAILED.
    290 Warning(s)
    45 Error(s)

Time Elapsed 00:00:04.35
